<?xml version="1.0" encoding="utf-8"?>
<TestRun id="4f3a1fce-8f97-4f31-9d37-1217c104a1b3" name="amand@AMND 2026-01-09 08:02:00" runUser="AMND\amand" xmlns="http://microsoft.com/schemas/VisualStudio/TeamTest/2010">
  <Times creation="2026-01-09T08:02:00.8951421-03:00" queuing="2026-01-09T08:02:00.8951422-03:00" start="2026-01-09T08:02:00.1515184-03:00" finish="2026-01-09T08:02:01.0301959-03:00" />
  <TestSettings name="default" id="49be29ec-fce0-4b88-8047-2e4eac28786e">
    <Deployment runDeploymentRoot="amand_AMND_2026-01-09_08_02_00" />
  </TestSettings>
  <Results>
    <UnitTestResult executionId="e1ad1742-dfa8-4b4d-be6e-65305747370d" testId="776d41e9-e668-72ba-dbd4-0bd55b3b3733" testName="Pedido.Tests.Domain.PedidoTests.AddItem_WithNullItem_ShouldThrowException" computerName="AMND" duration="00:00:00.0002959" startTime="2026-01-09T08:02:00.8759855-03:00" endTime="2026-01-09T08:02:00.8759855-03:00" testType="13cdc9d9-ddb5-4fa4-a97d-d965ccfc6d4b" outcome="Passed" testListId="8c84fa94-04c1-424b-9868-57a2d4851a1d" relativeResultsDirectory="e1ad1742-dfa8-4b4d-be6e-65305747370d" />
    <UnitTestResult executionId="e3a34414-e2cd-47ab-8391-072b139fe7ac" testId="5cf5db5e-e36e-641f-b5f4-6c5d3259471f" testName="Pedido.Tests.Domain.Customers.Exceptions.ClienteDomainExceptionTests.Constructor_WithEmptyMessage_ShouldStillCreateException" computerName="AMND" duration="00:00:00.0091325" startTime="2026-01-09T08:02:00.8584171-03:00" endTime="2026-01-09T08:02:00.8584171-03:00" testType="13cdc9d9-ddb5-4fa4-a97d-d965ccfc6d4b" outcome="Passed" testListId="8c84fa94-04c1-424b-9868-57a2d4851a1d" relativeResultsDirectory="e3a34414-e2cd-47ab-8391-072b139fe7ac" />
    <UnitTestResult executionId="6e3bba72-6651-4858-a720-cf85811a8b4b" testId="9826b18f-846e-0c86-a4e4-6d2f1d9f20af" testName="Pedido.Tests.Domain.PedidoTests.RemoveItem_WhenExistsAndPending_ShouldRemoveAndUpdateTotal" computerName="AMND" duration="00:00:00.0006062" startTime="2026-01-09T08:02:00.8764349-03:00" endTime="2026-01-09T08:02:00.8764349-03:00" testType="13cdc9d9-ddb5-4fa4-a97d-d965ccfc6d4b" outcome="Passed" testListId="8c84fa94-04c1-424b-9868-57a2d4851a1d" relativeResultsDirectory="6e3bba72-6651-4858-a720-cf85811a8b4b" />
    <UnitTestResult executionId="8d02ea01-a6bd-46d2-a4e2-b6aca8dc8779" testId="d45cff0e-5a4b-c42b-0890-357265e4e7bb" testName="Pedido.Tests.Domain.PedidoTests.Create_WithInvalidClienteId_ShouldThrowException" computerName="AMND" duration="00:00:00.0003153" startTime="2026-01-09T08:02:00.8765508-03:00" endTime="2026-01-09T08:02:00.8765509-03:00" testType="13cdc9d9-ddb5-4fa4-a97d-d965ccfc6d4b" outcome="Passed" testListId="8c84fa94-04c1-424b-9868-57a2d4851a1d" relativeResultsDirectory="8d02ea01-a6bd-46d2-a4e2-b6aca8dc8779" />
    <UnitTestResult executionId="c617266b-e8a1-4588-9700-9ed437159b80" testId="106e8726-691b-53c2-c695-85675d19daae" testName="Pedido.Tests.Domain.PedidoTests.Create_WithNoItems_ShouldThrowException" computerName="AMND" duration="00:00:00.0004977" startTime="2026-01-09T08:02:00.8756428-03:00" endTime="2026-01-09T08:02:00.8756429-03:00" testType="13cdc9d9-ddb5-4fa4-a97d-d965ccfc6d4b" outcome="Passed" testListId="8c84fa94-04c1-424b-9868-57a2d4851a1d" relativeResultsDirectory="c617266b-e8a1-4588-9700-9ed437159b80" />
    <UnitTestResult executionId="322d55a7-bea8-45c4-afba-80d941076033" testId="63135861-0308-4a54-b8cb-7f2a7dfa11e4" testName="Pedido.Tests.Domain.Customers.ValueObjects.NameTests.Create_WithValidName_ShouldReturnNameObject" computerName="AMND" duration="00:00:00.0000974" startTime="2026-01-09T08:02:00.8734853-03:00" endTime="2026-01-09T08:02:00.8734854-03:00" testType="13cdc9d9-ddb5-4fa4-a97d-d965ccfc6d4b" outcome="Passed" testListId="8c84fa94-04c1-424b-9868-57a2d4851a1d" relativeResultsDirectory="322d55a7-bea8-45c4-afba-80d941076033" />
    <UnitTestResult executionId="29130b03-8380-41e1-b6ac-1ebe03af09af" testId="84dcf0cd-47e2-601b-41c8-a0774f20ce09" testName="Pedido.Tests.Domain.Customers.ValueObjects.NameTests.Create_WithNameContainingHyphen_ShouldNormalizeCorrectly" computerName="AMND" duration="00:00:00.0000353" startTime="2026-01-09T08:02:00.8744488-03:00" endTime="2026-01-09T08:02:00.8744489-03:00" testType="13cdc9d9-ddb5-4fa4-a97d-d965ccfc6d4b" outcome="Passed" testListId="8c84fa94-04c1-424b-9868-57a2d4851a1d" relativeResultsDirectory="29130b03-8380-41e1-b6ac-1ebe03af09af" />
    <UnitTestResult executionId="5e8a3b1b-ba99-4562-aa89-16006c559dfc" testId="8db81150-415a-bfa6-821e-e256b9613a60" testName="Pedido.Tests.Domain.PedidoTests.RemoveItem_WhenDoesNotExist_ShouldReturnFalse" computerName="AMND" duration="00:00:00.0003412" startTime="2026-01-09T08:02:00.8753955-03:00" endTime="2026-01-09T08:02:00.8753955-03:00" testType="13cdc9d9-ddb5-4fa4-a97d-d965ccfc6d4b" outcome="Passed" testListId="8c84fa94-04c1-424b-9868-57a2d4851a1d" relativeResultsDirectory="5e8a3b1b-ba99-4562-aa89-16006c559dfc" />
    <UnitTestResult executionId="1d05ebd7-77eb-4b89-8c3e-820ddb1c3ea7" testId="da703b66-50d6-367a-f4c9-deaaa2e9e80b" testName="Pedido.Tests.Domain.Customers.Exceptions.ClienteDomainExceptionTests.Constructor_WithMessage_ShouldSetMessageProperty" computerName="AMND" duration="00:00:00.0000898" startTime="2026-01-09T08:02:00.8590418-03:00" endTime="2026-01-09T08:02:00.8590419-03:00" testType="13cdc9d9-ddb5-4fa4-a97d-d965ccfc6d4b" outcome="Passed" testListId="8c84fa94-04c1-424b-9868-57a2d4851a1d" relativeResultsDirectory="1d05ebd7-77eb-4b89-8c3e-820ddb1c3ea7" />
    <UnitTestResult executionId="7f46e7b2-da32-4baf-b413-3b07ac5a065a" testId="87ef9a0f-2db6-a2cc-d2b7-f23504cedf11" testName="Pedido.Tests.Domain.PedidoTests.AddItem_WhenNotPending_ShouldThrowException" computerName="AMND" duration="00:00:00.0003036" startTime="2026-01-09T08:02:00.8761671-03:00" endTime="2026-01-09T08:02:00.8761672-03:00" testType="13cdc9d9-ddb5-4fa4-a97d-d965ccfc6d4b" outcome="Passed" testListId="8c84fa94-04c1-424b-9868-57a2d4851a1d" relativeResultsDirectory="7f46e7b2-da32-4baf-b413-3b07ac5a065a" />
    <UnitTestResult executionId="b207b589-921d-4e85-9220-d17f2f8a6d95" testId="d3ae0e70-bf9c-86b7-f532-bf58a3819eda" testName="Pedido.Tests.Domain.Customers.ValueObjects.NameTests.Create_WithNameTooLong_ShouldThrowException" computerName="AMND" duration="00:00:00.0002661" startTime="2026-01-09T08:02:00.8739773-03:00" endTime="2026-01-09T08:02:00.8739773-03:00" testType="13cdc9d9-ddb5-4fa4-a97d-d965ccfc6d4b" outcome="Passed" testListId="8c84fa94-04c1-424b-9868-57a2d4851a1d" relativeResultsDirectory="b207b589-921d-4e85-9220-d17f2f8a6d95" />
    <UnitTestResult executionId="a6febfdc-ce2b-4f96-8ad6-2402a36d027d" testId="71f9d07e-e6b5-0cda-bd9d-3fc588a6b440" testName="ClienteTests.CriarCliente_Valido_DeveFuncionar" computerName="AMND" duration="00:00:00.0091594" startTime="2026-01-09T08:02:00.8580944-03:00" endTime="2026-01-09T08:02:00.8580944-03:00" testType="13cdc9d9-ddb5-4fa4-a97d-d965ccfc6d4b" outcome="Passed" testListId="8c84fa94-04c1-424b-9868-57a2d4851a1d" relativeResultsDirectory="a6febfdc-ce2b-4f96-8ad6-2402a36d027d" />
    <UnitTestResult executionId="b1cea9d1-7b90-47ef-aa3c-99bf1c64c727" testId="71446488-2da7-694f-eae3-6af7aadae016" testName="Pedido.Tests.Domain.PedidoTests.UpdateStatus_ShouldAllowValidTransitions_AndThrowOnInvalid" computerName="AMND" duration="00:00:00.0016415" startTime="2026-01-09T08:02:00.8758700-03:00" endTime="2026-01-09T08:02:00.8758700-03:00" testType="13cdc9d9-ddb5-4fa4-a97d-d965ccfc6d4b" outcome="Passed" testListId="8c84fa94-04c1-424b-9868-57a2d4851a1d" relativeResultsDirectory="b1cea9d1-7b90-47ef-aa3c-99bf1c64c727" />
    <UnitTestResult executionId="3291dc24-a44b-4aab-b596-07bbade5981c" testId="740cd82d-1fe6-f30c-9771-e187f0d96ece" testName="Pedido.Tests.Domain.Customers.ValueObjects.NameTests.Create_WithInvalidCharacters_ShouldThrowException(invalidName: &quot;Maria@Silva&quot;)" computerName="AMND" duration="00:00:00.0000855" startTime="2026-01-09T08:02:00.8733689-03:00" endTime="2026-01-09T08:02:00.8733689-03:00" testType="13cdc9d9-ddb5-4fa4-a97d-d965ccfc6d4b" outcome="Passed" testListId="8c84fa94-04c1-424b-9868-57a2d4851a1d" relativeResultsDirectory="3291dc24-a44b-4aab-b596-07bbade5981c" />
    <UnitTestResult executionId="294a3a7a-c6dd-4dd5-b76c-b65269ef13f2" testId="a1f3920d-e932-fa67-b501-9c33e998c8f4" testName="Pedido.Tests.Domain.PedidoTests.CalculateTotalPrice_WithMultipleItems_ShouldBeCorrect" computerName="AMND" duration="00:00:00.0001265" startTime="2026-01-09T08:02:00.8712327-03:00" endTime="2026-01-09T08:02:00.8712327-03:00" testType="13cdc9d9-ddb5-4fa4-a97d-d965ccfc6d4b" outcome="Passed" testListId="8c84fa94-04c1-424b-9868-57a2d4851a1d" relativeResultsDirectory="294a3a7a-c6dd-4dd5-b76c-b65269ef13f2" />
    <UnitTestResult executionId="4e603baa-0e60-47d2-a1ba-44d4064efd41" testId="a66b417d-54f3-0bdd-f904-a9e3deee984d" testName="Pedido.Tests.Domain.Customers.ValueObjects.NameTests.Create_WithNameContainingApostrophe_ShouldNormalizeCorrectly" computerName="AMND" duration="00:00:00.0000349" startTime="2026-01-09T08:02:00.8750209-03:00" endTime="2026-01-09T08:02:00.8750209-03:00" testType="13cdc9d9-ddb5-4fa4-a97d-d965ccfc6d4b" outcome="Passed" testListId="8c84fa94-04c1-424b-9868-57a2d4851a1d" relativeResultsDirectory="4e603baa-0e60-47d2-a1ba-44d4064efd41" />
    <UnitTestResult executionId="28c44b9f-7522-497b-94b0-a882007a883f" testId="342d2c03-150c-dbc2-2aaa-649c707124c2" testName="Pedido.Tests.Domain.Customers.ValueObjects.NameTests.Create_WithInvalidCharacters_ShouldThrowException(invalidName: &quot;Ana#Maria&quot;)" computerName="AMND" duration="00:00:00.0001896" startTime="2026-01-09T08:02:00.8730110-03:00" endTime="2026-01-09T08:02:00.8730110-03:00" testType="13cdc9d9-ddb5-4fa4-a97d-d965ccfc6d4b" outcome="Passed" testListId="8c84fa94-04c1-424b-9868-57a2d4851a1d" relativeResultsDirectory="28c44b9f-7522-497b-94b0-a882007a883f" />
    <UnitTestResult executionId="4a6dc994-a0f5-4569-9f60-4068e9a70881" testId="9552af16-0109-4bb3-70a9-7e276e1c9d3d" testName="Pedido.Tests.Domain.PedidoItemTests.Create_WithZeroUnitPrice_ShouldThrowException" computerName="AMND" duration="00:00:00.0002358" startTime="2026-01-09T08:02:00.8740976-03:00" endTime="2026-01-09T08:02:00.8740977-03:00" testType="13cdc9d9-ddb5-4fa4-a97d-d965ccfc6d4b" outcome="Passed" testListId="8c84fa94-04c1-424b-9868-57a2d4851a1d" relativeResultsDirectory="4a6dc994-a0f5-4569-9f60-4068e9a70881" />
    <UnitTestResult executionId="bd2c1459-4784-4a49-a75e-8504bc388ca4" testId="c3c18ec4-ad28-8f1d-32b8-71ddd885573d" testName="Pedido.Tests.Domain.Customers.Exceptions.ClienteDomainExceptionTests.Constructor_WithMessageAndInnerException_ShouldSetBothProperties" computerName="AMND" duration="00:00:00.0005599" startTime="2026-01-09T08:02:00.8591789-03:00" endTime="2026-01-09T08:02:00.8591789-03:00" testType="13cdc9d9-ddb5-4fa4-a97d-d965ccfc6d4b" outcome="Passed" testListId="8c84fa94-04c1-424b-9868-57a2d4851a1d" relativeResultsDirectory="bd2c1459-4784-4a49-a75e-8504bc388ca4" />
    <UnitTestResult executionId="8df0a685-20e5-4375-aa59-60e87d63af94" testId="da195637-92f6-ce8b-ee2c-72aa44c1f62b" testName="Pedido.Tests.Domain.PedidoItemTests.WithQuantity_WithZeroQuantity_ShouldThrowException" computerName="AMND" duration="00:00:00.0002859" startTime="2026-01-09T08:02:00.8732507-03:00" endTime="2026-01-09T08:02:00.8732507-03:00" testType="13cdc9d9-ddb5-4fa4-a97d-d965ccfc6d4b" outcome="Passed" testListId="8c84fa94-04c1-424b-9868-57a2d4851a1d" relativeResultsDirectory="8df0a685-20e5-4375-aa59-60e87d63af94" />
    <UnitTestResult executionId="c65e7736-5c3c-4d83-8888-a977375ba8e9" testId="b966839a-c3fb-7fc0-aab7-083554a4e36a" testName="Pedido.Tests.Domain.PedidoTests.SetQrCodeOrPreferenceId_WhenEmpty_ShouldThrowException" computerName="AMND" duration="00:00:00.0025827" startTime="2026-01-09T08:02:00.8717738-03:00" endTime="2026-01-09T08:02:00.8717738-03:00" testType="13cdc9d9-ddb5-4fa4-a97d-d965ccfc6d4b" outcome="Passed" testListId="8c84fa94-04c1-424b-9868-57a2d4851a1d" relativeResultsDirectory="c65e7736-5c3c-4d83-8888-a977375ba8e9" />
    <UnitTestResult executionId="1417b0bc-77ba-4216-a6c7-9ae0ea4bef16" testId="35a615d6-5b09-7d8b-7f69-4f7c5b9d01dd" testName="Pedido.Tests.Domain.PedidoTests.Create_WithoutClient_ShouldAllowOrderWithNullClienteId" computerName="AMND" duration="00:00:00.0001830" startTime="2026-01-09T08:02:00.8763154-03:00" endTime="2026-01-09T08:02:00.8763155-03:00" testType="13cdc9d9-ddb5-4fa4-a97d-d965ccfc6d4b" outcome="Passed" testListId="8c84fa94-04c1-424b-9868-57a2d4851a1d" relativeResultsDirectory="1417b0bc-77ba-4216-a6c7-9ae0ea4bef16" />
    <UnitTestResult executionId="1f006102-6658-47e4-be71-0c25cf3db6c1" testId="ced99850-72ad-f2ac-08a1-ca01cf995529" testName="Pedido.Tests.Domain.Customers.ValueObjects.NameTests.Create_WithEmptyOrNullOrWhitespace_ShouldThrowException(invalidName: &quot;   &quot;)" computerName="AMND" duration="00:00:00.0002586" startTime="2026-01-09T08:02:00.8718939-03:00" endTime="2026-01-09T08:02:00.8718940-03:00" testType="13cdc9d9-ddb5-4fa4-a97d-d965ccfc6d4b" outcome="Passed" testListId="8c84fa94-04c1-424b-9868-57a2d4851a1d" relativeResultsDirectory="1f006102-6658-47e4-be71-0c25cf3db6c1" />
    <UnitTestResult executionId="4c0a28e8-fc26-4be4-b661-4073a3bd9635" testId="c642a4b1-1859-7429-7958-fba1e7ae51a2" testName="Pedido.Tests.Domain.PedidoTests.SetQrCode_And_SetPreferenceId_ShouldAssignValues" computerName="AMND" duration="00:00:00.0091549" startTime="2026-01-09T08:02:00.8545223-03:00" endTime="2026-01-09T08:02:00.8545307-03:00" testType="13cdc9d9-ddb5-4fa4-a97d-d965ccfc6d4b" outcome="Passed" testListId="8c84fa94-04c1-424b-9868-57a2d4851a1d" relativeResultsDirectory="4c0a28e8-fc26-4be4-b661-4073a3bd9635" />
    <UnitTestResult executionId="bb688579-7865-459f-af5a-29e5d61a0479" testId="3bf28ae0-ee16-367c-6753-02fce166cd35" testName="Pedido.Tests.Domain.Customers.ValueObjects.NameTests.ImplicitConversion_ShouldReturnStringValue" computerName="AMND" duration="00:00:00.0000450" startTime="2026-01-09T08:02:00.8747903-03:00" endTime="2026-01-09T08:02:00.8747903-03:00" testType="13cdc9d9-ddb5-4fa4-a97d-d965ccfc6d4b" outcome="Passed" testListId="8c84fa94-04c1-424b-9868-57a2d4851a1d" relativeResultsDirectory="bb688579-7865-459f-af5a-29e5d61a0479" />
    <UnitTestResult executionId="29494c30-8c9d-455f-a1a6-637973ca9506" testId="fc76700d-a4c2-8054-cf92-5ca2ced0bc31" testName="Pedido.Tests.Domain.PedidoTests.Create_WithValidData_ShouldInstantiateOrder" computerName="AMND" duration="00:00:00.0007448" startTime="2026-01-09T08:02:00.8731352-03:00" endTime="2026-01-09T08:02:00.8731352-03:00" testType="13cdc9d9-ddb5-4fa4-a97d-d965ccfc6d4b" outcome="Passed" testListId="8c84fa94-04c1-424b-9868-57a2d4851a1d" relativeResultsDirectory="29494c30-8c9d-455f-a1a6-637973ca9506" />
    <UnitTestResult executionId="31d5a51b-ae4c-437e-b77d-4ada81693726" testId="877d398c-8a33-7399-7d53-2a91cb86543a" testName="Pedido.Tests.Domain.Customers.ValueObjects.NameTests.Create_WithNameContainingAccents_ShouldCapitalizeProperly" computerName="AMND" duration="00:00:00.0000594" startTime="2026-01-09T08:02:00.8742166-03:00" endTime="2026-01-09T08:02:00.8742166-03:00" testType="13cdc9d9-ddb5-4fa4-a97d-d965ccfc6d4b" outcome="Passed" testListId="8c84fa94-04c1-424b-9868-57a2d4851a1d" relativeResultsDirectory="31d5a51b-ae4c-437e-b77d-4ada81693726" />
    <UnitTestResult executionId="56fdfe84-b3f9-48ed-82bc-df87a38d8be0" testId="a451eefb-57f1-434c-4317-39572b912806" testName="Pedido.Tests.Domain.Customers.ValueObjects.NameTests.Create_WithNameTooShort_ShouldThrowException" computerName="AMND" duration="00:00:00.0002919" startTime="2026-01-09T08:02:00.8753346-03:00" endTime="2026-01-09T08:02:00.8753347-03:00" testType="13cdc9d9-ddb5-4fa4-a97d-d965ccfc6d4b" outcome="Passed" testListId="8c84fa94-04c1-424b-9868-57a2d4851a1d" relativeResultsDirectory="56fdfe84-b3f9-48ed-82bc-df87a38d8be0" />
    <UnitTestResult executionId="2074b9b8-b199-45eb-9207-4a5b9463faaa" testId="d7efb34f-506f-1c13-a926-80d9f29c5eae" testName="Pedido.Tests.Domain.Customers.ValueObjects.NameTests.Create_WithNameContainingMultipleSpaces_ShouldTrimAndCapitalize" computerName="AMND" duration="00:00:00.0000426" startTime="2026-01-09T08:02:00.8743322-03:00" endTime="2026-01-09T08:02:00.8743322-03:00" testType="13cdc9d9-ddb5-4fa4-a97d-d965ccfc6d4b" outcome="Passed" testListId="8c84fa94-04c1-424b-9868-57a2d4851a1d" relativeResultsDirectory="2074b9b8-b199-45eb-9207-4a5b9463faaa" />
    <UnitTestResult executionId="1cce7a39-94fc-42e0-9b06-dd80f2e72f35" testId="8d1d5137-e079-7f8a-9041-001b74f1ffe5" testName="Pedido.Tests.Domain.PedidoTests.AddItem_WhenPending_ShouldAddItemAndUpdateTotal" computerName="AMND" duration="00:00:00.0012993" startTime="2026-01-09T08:02:00.8592421-03:00" endTime="2026-01-09T08:02:00.8592421-03:00" testType="13cdc9d9-ddb5-4fa4-a97d-d965ccfc6d4b" outcome="Passed" testListId="8c84fa94-04c1-424b-9868-57a2d4851a1d" relativeResultsDirectory="1cce7a39-94fc-42e0-9b06-dd80f2e72f35" />
    <UnitTestResult executionId="67e5126e-083c-43df-816b-f3f8b8e04471" testId="7b9adf1c-77a7-d874-507a-3dfffa3e708c" testName="Pedido.Tests.Domain.PedidoItemTests.Create_WithEmptyProductId_ShouldThrowException" computerName="AMND" duration="00:00:00.0002437" startTime="2026-01-09T08:02:00.8738602-03:00" endTime="2026-01-09T08:02:00.8738602-03:00" testType="13cdc9d9-ddb5-4fa4-a97d-d965ccfc6d4b" outcome="Passed" testListId="8c84fa94-04c1-424b-9868-57a2d4851a1d" relativeResultsDirectory="67e5126e-083c-43df-816b-f3f8b8e04471" />
    <UnitTestResult executionId="2a444dad-f8c2-453a-9960-c2344c3e9593" testId="f298f152-f5ee-35c1-51a7-f491deb003d4" testName="Pedido.Tests.Domain.Customers.ValueObjects.NameTests.Create_WithLowerCaseName_ShouldCapitalizeFirstLetters" computerName="AMND" duration="00:00:00.0000457" startTime="2026-01-09T08:02:00.8737412-03:00" endTime="2026-01-09T08:02:00.8737413-03:00" testType="13cdc9d9-ddb5-4fa4-a97d-d965ccfc6d4b" outcome="Passed" testListId="8c84fa94-04c1-424b-9868-57a2d4851a1d" relativeResultsDirectory="2a444dad-f8c2-453a-9960-c2344c3e9593" />
    <UnitTestResult executionId="95a01592-1f8c-4643-bb53-74997a4a16ae" testId="41b64ffb-b405-d440-dcf8-6c978b2d1f88" testName="ClienteTests.CriarCliente_ComNomeInvalido_DeveLancarExcecao" computerName="AMND" duration="00:00:00.0038439" startTime="2026-01-09T08:02:00.8714861-03:00" endTime="2026-01-09T08:02:00.8714861-03:00" testType="13cdc9d9-ddb5-4fa4-a97d-d965ccfc6d4b" outcome="Passed" testListId="8c84fa94-04c1-424b-9868-57a2d4851a1d" relativeResultsDirectory="95a01592-1f8c-4643-bb53-74997a4a16ae" />
    <UnitTestResult executionId="49064b8d-e8c3-4dfc-a1b8-914b1599cf14" testId="e41551d0-d2c1-f568-5dd1-9a34f12024ec" testName="Pedido.Tests.Domain.Customers.ValueObjects.NameTests.Create_WithNameContainingMixedCasesAndSpaces_ShouldNormalizeCorrectly" computerName="AMND" duration="00:00:00.0000894" startTime="2026-01-09T08:02:00.8755766-03:00" endTime="2026-01-09T08:02:00.8755766-03:00" testType="13cdc9d9-ddb5-4fa4-a97d-d965ccfc6d4b" outcome="Passed" testListId="8c84fa94-04c1-424b-9868-57a2d4851a1d" relativeResultsDirectory="49064b8d-e8c3-4dfc-a1b8-914b1599cf14" />
    <UnitTestResult executionId="4a3e4457-d10c-4006-b403-ad5a9d98f256" testId="5e85402d-74c3-dbef-8dce-58b9100cc666" testName="Pedido.Tests.Domain.Customers.ValueObjects.NameTests.ToString_ShouldReturnTheNameValue" computerName="AMND" duration="00:00:00.0000377" startTime="2026-01-09T08:02:00.8751476-03:00" endTime="2026-01-09T08:02:00.8751476-03:00" testType="13cdc9d9-ddb5-4fa4-a97d-d965ccfc6d4b" outcome="Passed" testListId="8c84fa94-04c1-424b-9868-57a2d4851a1d" relativeResultsDirectory="4a3e4457-d10c-4006-b403-ad5a9d98f256" />
    <UnitTestResult executionId="097c171c-b2e8-490f-b5e8-a8e7e9f21909" testId="f587871a-4eb0-fdcb-f0e3-c65240c9ed52" testName="Pedido.Tests.Domain.Customers.ValueObjects.NameTests.Create_WithEmptyOrNullOrWhitespace_ShouldThrowException(invalidName: &quot;&quot;)" computerName="AMND" duration="00:00:00.0001014" startTime="2026-01-09T08:02:00.8720104-03:00" endTime="2026-01-09T08:02:00.8720104-03:00" testType="13cdc9d9-ddb5-4fa4-a97d-d965ccfc6d4b" outcome="Passed" testListId="8c84fa94-04c1-424b-9868-57a2d4851a1d" relativeResultsDirectory="097c171c-b2e8-490f-b5e8-a8e7e9f21909" />
    <UnitTestResult executionId="8d2dedb7-707e-4852-a55d-401900d207e1" testId="ce86aacb-725d-4f8f-61c6-17d4e6632346" testName="Pedido.Tests.Domain.PedidoItemTests.Create_WithEmptyProductName_ShouldThrowException" computerName="AMND" duration="00:00:00.0002311" startTime="2026-01-09T08:02:00.8752624-03:00" endTime="2026-01-09T08:02:00.8752624-03:00" testType="13cdc9d9-ddb5-4fa4-a97d-d965ccfc6d4b" outcome="Passed" testListId="8c84fa94-04c1-424b-9868-57a2d4851a1d" relativeResultsDirectory="8d2dedb7-707e-4852-a55d-401900d207e1" />
    <UnitTestResult executionId="34c0c801-1892-495c-af96-7a3a1dfe6c7c" testId="097b924b-d760-4d2a-968c-744fb13ba8cd" testName="Pedido.Tests.Domain.PedidoItemTests.Create_WithValidData_ShouldCreateOrderItem" computerName="AMND" duration="00:00:00.0001483" startTime="2026-01-09T08:02:00.8745632-03:00" endTime="2026-01-09T08:02:00.8745632-03:00" testType="13cdc9d9-ddb5-4fa4-a97d-d965ccfc6d4b" outcome="Passed" testListId="8c84fa94-04c1-424b-9868-57a2d4851a1d" relativeResultsDirectory="34c0c801-1892-495c-af96-7a3a1dfe6c7c" />
    <UnitTestResult executionId="b146fe62-d20c-4d4c-81a3-7a0d52efe44d" testId="0d1b0a21-ed04-bd08-6929-641463c7f14d" testName="Pedido.Tests.Domain.PedidoItemTests.WithQuantity_WithValidQuantity_ShouldReturnNewItem" computerName="AMND" duration="00:00:00.0006583" startTime="2026-01-09T08:02:00.8727558-03:00" endTime="2026-01-09T08:02:00.8727559-03:00" testType="13cdc9d9-ddb5-4fa4-a97d-d965ccfc6d4b" outcome="Passed" testListId="8c84fa94-04c1-424b-9868-57a2d4851a1d" relativeResultsDirectory="b146fe62-d20c-4d4c-81a3-7a0d52efe44d" />
    <UnitTestResult executionId="208af73b-d5ee-4baa-ab36-66a8e32fb33e" testId="d3e134c8-8bcc-0fd7-3fcd-e10266568efe" testName="Pedido.Tests.Domain.PedidoItemTests.Create_WithZeroQuantity_ShouldThrowException" computerName="AMND" duration="00:00:00.0145132" startTime="2026-01-09T08:02:00.8715410-03:00" endTime="2026-01-09T08:02:00.8715410-03:00" testType="13cdc9d9-ddb5-4fa4-a97d-d965ccfc6d4b" outcome="Passed" testListId="8c84fa94-04c1-424b-9868-57a2d4851a1d" relativeResultsDirectory="208af73b-d5ee-4baa-ab36-66a8e32fb33e" />
    <UnitTestResult executionId="d4ff6288-26f5-444e-9af3-fd7a22538c18" testId="192ee191-206e-71e2-3d7a-6cb19e3c1a4b" testName="Pedido.Tests.Domain.Customers.ValueObjects.NameTests.Create_WithInvalidCharacters_ShouldThrowException(invalidName: &quot;João123&quot;)" computerName="AMND" duration="00:00:00.0003142" startTime="2026-01-09T08:02:00.8728905-03:00" endTime="2026-01-09T08:02:00.8728905-03:00" testType="13cdc9d9-ddb5-4fa4-a97d-d965ccfc6d4b" outcome="Passed" testListId="8c84fa94-04c1-424b-9868-57a2d4851a1d" relativeResultsDirectory="d4ff6288-26f5-444e-9af3-fd7a22538c18" />
    <UnitTestResult executionId="5e516e9a-5cc5-4fea-8615-f90989d59f89" testId="603f2caa-8379-53a4-bfae-51d92b8d2714" testName="Pedido.Tests.Domain.PedidoTests.RemoveItem_WhenNotPending_ShouldThrowException" computerName="AMND" duration="00:00:00.0007310" startTime="2026-01-09T08:02:00.8749076-03:00" endTime="2026-01-09T08:02:00.8749076-03:00" testType="13cdc9d9-ddb5-4fa4-a97d-d965ccfc6d4b" outcome="Passed" testListId="8c84fa94-04c1-424b-9868-57a2d4851a1d" relativeResultsDirectory="5e516e9a-5cc5-4fea-8615-f90989d59f89" />
    <UnitTestResult executionId="a52e99f2-159f-47e6-bf4a-ec88aa5dca5b" testId="ff579c98-913a-009d-ccb6-5115e6c885e6" testName="Pedido.Tests.Domain.Customers.ValueObjects.NameTests.Create_WithEmptyOrNullOrWhitespace_ShouldThrowException(invalidName: null)" computerName="AMND" duration="00:00:00.0144748" startTime="2026-01-09T08:02:00.8714247-03:00" endTime="2026-01-09T08:02:00.8714247-03:00" testType="13cdc9d9-ddb5-4fa4-a97d-d965ccfc6d4b" outcome="Passed" testListId="8c84fa94-04c1-424b-9868-57a2d4851a1d" relativeResultsDirectory="a52e99f2-159f-47e6-bf4a-ec88aa5dca5b" />
  </Results>
  <TestDefinitions>
    <UnitTest name="Pedido.Tests.Domain.PedidoItemTests.Create_WithZeroQuantity_ShouldThrowException" storage="d:\projetos\techchallenge - fase 4\microservico-pedido\pedido\test\pedido.tests\bin\debug\net9.0\pedido.tests.dll" id="d3e134c8-8bcc-0fd7-3fcd-e10266568efe">
      <Execution id="208af73b-d5ee-4baa-ab36-66a8e32fb33e" />
      <TestMethod codeBase="D:\Projetos\techChallenge - Fase 4\MicroServico-Pedido\pedido\test\Pedido.Tests\bin\Debug\net9.0\Pedido.Tests.dll" adapterTypeName="executor://xunit/VsTestRunner2/netcoreapp" className="Pedido.Tests.Domain.PedidoItemTests" name="Create_WithZeroQuantity_ShouldThrowException" />
    </UnitTest>
    <UnitTest name="Pedido.Tests.Domain.Customers.ValueObjects.NameTests.Create_WithNameContainingApostrophe_ShouldNormalizeCorrectly" storage="d:\projetos\techchallenge - fase 4\microservico-pedido\pedido\test\pedido.tests\bin\debug\net9.0\pedido.tests.dll" id="a66b417d-54f3-0bdd-f904-a9e3deee984d">
      <Execution id="4e603baa-0e60-47d2-a1ba-44d4064efd41" />
      <TestMethod codeBase="D:\Projetos\techChallenge - Fase 4\MicroServico-Pedido\pedido\test\Pedido.Tests\bin\Debug\net9.0\Pedido.Tests.dll" adapterTypeName="executor://xunit/VsTestRunner2/netcoreapp" className="Pedido.Tests.Domain.Customers.ValueObjects.NameTests" name="Create_WithNameContainingApostrophe_ShouldNormalizeCorrectly" />
    </UnitTest>
    <UnitTest name="Pedido.Tests.Domain.Customers.ValueObjects.NameTests.Create_WithNameContainingMultipleSpaces_ShouldTrimAndCapitalize" storage="d:\projetos\techchallenge - fase 4\microservico-pedido\pedido\test\pedido.tests\bin\debug\net9.0\pedido.tests.dll" id="d7efb34f-506f-1c13-a926-80d9f29c5eae">
      <Execution id="2074b9b8-b199-45eb-9207-4a5b9463faaa" />
      <TestMethod codeBase="D:\Projetos\techChallenge - Fase 4\MicroServico-Pedido\pedido\test\Pedido.Tests\bin\Debug\net9.0\Pedido.Tests.dll" adapterTypeName="executor://xunit/VsTestRunner2/netcoreapp" className="Pedido.Tests.Domain.Customers.ValueObjects.NameTests" name="Create_WithNameContainingMultipleSpaces_ShouldTrimAndCapitalize" />
    </UnitTest>
    <UnitTest name="Pedido.Tests.Domain.PedidoItemTests.WithQuantity_WithValidQuantity_ShouldReturnNewItem" storage="d:\projetos\techchallenge - fase 4\microservico-pedido\pedido\test\pedido.tests\bin\debug\net9.0\pedido.tests.dll" id="0d1b0a21-ed04-bd08-6929-641463c7f14d">
      <Execution id="b146fe62-d20c-4d4c-81a3-7a0d52efe44d" />
      <TestMethod codeBase="D:\Projetos\techChallenge - Fase 4\MicroServico-Pedido\pedido\test\Pedido.Tests\bin\Debug\net9.0\Pedido.Tests.dll" adapterTypeName="executor://xunit/VsTestRunner2/netcoreapp" className="Pedido.Tests.Domain.PedidoItemTests" name="WithQuantity_WithValidQuantity_ShouldReturnNewItem" />
    </UnitTest>
    <UnitTest name="Pedido.Tests.Domain.PedidoTests.SetQrCodeOrPreferenceId_WhenEmpty_ShouldThrowException" storage="d:\projetos\techchallenge - fase 4\microservico-pedido\pedido\test\pedido.tests\bin\debug\net9.0\pedido.tests.dll" id="b966839a-c3fb-7fc0-aab7-083554a4e36a">
      <Execution id="c65e7736-5c3c-4d83-8888-a977375ba8e9" />
      <TestMethod codeBase="D:\Projetos\techChallenge - Fase 4\MicroServico-Pedido\pedido\test\Pedido.Tests\bin\Debug\net9.0\Pedido.Tests.dll" adapterTypeName="executor://xunit/VsTestRunner2/netcoreapp" className="Pedido.Tests.Domain.PedidoTests" name="SetQrCodeOrPreferenceId_WhenEmpty_ShouldThrowException" />
    </UnitTest>
    <UnitTest name="Pedido.Tests.Domain.PedidoTests.RemoveItem_WhenDoesNotExist_ShouldReturnFalse" storage="d:\projetos\techchallenge - fase 4\microservico-pedido\pedido\test\pedido.tests\bin\debug\net9.0\pedido.tests.dll" id="8db81150-415a-bfa6-821e-e256b9613a60">
      <Execution id="5e8a3b1b-ba99-4562-aa89-16006c559dfc" />
      <TestMethod codeBase="D:\Projetos\techChallenge - Fase 4\MicroServico-Pedido\pedido\test\Pedido.Tests\bin\Debug\net9.0\Pedido.Tests.dll" adapterTypeName="executor://xunit/VsTestRunner2/netcoreapp" className="Pedido.Tests.Domain.PedidoTests" name="RemoveItem_WhenDoesNotExist_ShouldReturnFalse" />
    </UnitTest>
    <UnitTest name="Pedido.Tests.Domain.PedidoTests.RemoveItem_WhenNotPending_ShouldThrowException" storage="d:\projetos\techchallenge - fase 4\microservico-pedido\pedido\test\pedido.tests\bin\debug\net9.0\pedido.tests.dll" id="603f2caa-8379-53a4-bfae-51d92b8d2714">
      <Execution id="5e516e9a-5cc5-4fea-8615-f90989d59f89" />
      <TestMethod codeBase="D:\Projetos\techChallenge - Fase 4\MicroServico-Pedido\pedido\test\Pedido.Tests\bin\Debug\net9.0\Pedido.Tests.dll" adapterTypeName="executor://xunit/VsTestRunner2/netcoreapp" className="Pedido.Tests.Domain.PedidoTests" name="RemoveItem_WhenNotPending_ShouldThrowException" />
    </UnitTest>
    <UnitTest name="Pedido.Tests.Domain.Customers.ValueObjects.NameTests.Create_WithNameContainingAccents_ShouldCapitalizeProperly" storage="d:\projetos\techchallenge - fase 4\microservico-pedido\pedido\test\pedido.tests\bin\debug\net9.0\pedido.tests.dll" id="877d398c-8a33-7399-7d53-2a91cb86543a">
      <Execution id="31d5a51b-ae4c-437e-b77d-4ada81693726" />
      <TestMethod codeBase="D:\Projetos\techChallenge - Fase 4\MicroServico-Pedido\pedido\test\Pedido.Tests\bin\Debug\net9.0\Pedido.Tests.dll" adapterTypeName="executor://xunit/VsTestRunner2/netcoreapp" className="Pedido.Tests.Domain.Customers.ValueObjects.NameTests" name="Create_WithNameContainingAccents_ShouldCapitalizeProperly" />
    </UnitTest>
    <UnitTest name="Pedido.Tests.Domain.Customers.ValueObjects.NameTests.Create_WithNameContainingMixedCasesAndSpaces_ShouldNormalizeCorrectly" storage="d:\projetos\techchallenge - fase 4\microservico-pedido\pedido\test\pedido.tests\bin\debug\net9.0\pedido.tests.dll" id="e41551d0-d2c1-f568-5dd1-9a34f12024ec">
      <Execution id="49064b8d-e8c3-4dfc-a1b8-914b1599cf14" />
      <TestMethod codeBase="D:\Projetos\techChallenge - Fase 4\MicroServico-Pedido\pedido\test\Pedido.Tests\bin\Debug\net9.0\Pedido.Tests.dll" adapterTypeName="executor://xunit/VsTestRunner2/netcoreapp" className="Pedido.Tests.Domain.Customers.ValueObjects.NameTests" name="Create_WithNameContainingMixedCasesAndSpaces_ShouldNormalizeCorrectly" />
    </UnitTest>
    <UnitTest name="Pedido.Tests.Domain.PedidoItemTests.Create_WithZeroUnitPrice_ShouldThrowException" storage="d:\projetos\techchallenge - fase 4\microservico-pedido\pedido\test\pedido.tests\bin\debug\net9.0\pedido.tests.dll" id="9552af16-0109-4bb3-70a9-7e276e1c9d3d">
      <Execution id="4a6dc994-a0f5-4569-9f60-4068e9a70881" />
      <TestMethod codeBase="D:\Projetos\techChallenge - Fase 4\MicroServico-Pedido\pedido\test\Pedido.Tests\bin\Debug\net9.0\Pedido.Tests.dll" adapterTypeName="executor://xunit/VsTestRunner2/netcoreapp" className="Pedido.Tests.Domain.PedidoItemTests" name="Create_WithZeroUnitPrice_ShouldThrowException" />
    </UnitTest>
    <UnitTest name="Pedido.Tests.Domain.PedidoTests.CalculateTotalPrice_WithMultipleItems_ShouldBeCorrect" storage="d:\projetos\techchallenge - fase 4\microservico-pedido\pedido\test\pedido.tests\bin\debug\net9.0\pedido.tests.dll" id="a1f3920d-e932-fa67-b501-9c33e998c8f4">
      <Execution id="294a3a7a-c6dd-4dd5-b76c-b65269ef13f2" />
      <TestMethod codeBase="D:\Projetos\techChallenge - Fase 4\MicroServico-Pedido\pedido\test\Pedido.Tests\bin\Debug\net9.0\Pedido.Tests.dll" adapterTypeName="executor://xunit/VsTestRunner2/netcoreapp" className="Pedido.Tests.Domain.PedidoTests" name="CalculateTotalPrice_WithMultipleItems_ShouldBeCorrect" />
    </UnitTest>
    <UnitTest name="ClienteTests.CriarCliente_ComNomeInvalido_DeveLancarExcecao" storage="d:\projetos\techchallenge - fase 4\microservico-pedido\pedido\test\pedido.tests\bin\debug\net9.0\pedido.tests.dll" id="41b64ffb-b405-d440-dcf8-6c978b2d1f88">
      <Execution id="95a01592-1f8c-4643-bb53-74997a4a16ae" />
      <TestMethod codeBase="D:\Projetos\techChallenge - Fase 4\MicroServico-Pedido\pedido\test\Pedido.Tests\bin\Debug\net9.0\Pedido.Tests.dll" adapterTypeName="executor://xunit/VsTestRunner2/netcoreapp" className="ClienteTests" name="CriarCliente_ComNomeInvalido_DeveLancarExcecao" />
    </UnitTest>
    <UnitTest name="Pedido.Tests.Domain.PedidoTests.Create_WithValidData_ShouldInstantiateOrder" storage="d:\projetos\techchallenge - fase 4\microservico-pedido\pedido\test\pedido.tests\bin\debug\net9.0\pedido.tests.dll" id="fc76700d-a4c2-8054-cf92-5ca2ced0bc31">
      <Execution id="29494c30-8c9d-455f-a1a6-637973ca9506" />
      <TestMethod codeBase="D:\Projetos\techChallenge - Fase 4\MicroServico-Pedido\pedido\test\Pedido.Tests\bin\Debug\net9.0\Pedido.Tests.dll" adapterTypeName="executor://xunit/VsTestRunner2/netcoreapp" className="Pedido.Tests.Domain.PedidoTests" name="Create_WithValidData_ShouldInstantiateOrder" />
    </UnitTest>
    <UnitTest name="Pedido.Tests.Domain.Customers.ValueObjects.NameTests.Create_WithNameContainingHyphen_ShouldNormalizeCorrectly" storage="d:\projetos\techchallenge - fase 4\microservico-pedido\pedido\test\pedido.tests\bin\debug\net9.0\pedido.tests.dll" id="84dcf0cd-47e2-601b-41c8-a0774f20ce09">
      <Execution id="29130b03-8380-41e1-b6ac-1ebe03af09af" />
      <TestMethod codeBase="D:\Projetos\techChallenge - Fase 4\MicroServico-Pedido\pedido\test\Pedido.Tests\bin\Debug\net9.0\Pedido.Tests.dll" adapterTypeName="executor://xunit/VsTestRunner2/netcoreapp" className="Pedido.Tests.Domain.Customers.ValueObjects.NameTests" name="Create_WithNameContainingHyphen_ShouldNormalizeCorrectly" />
    </UnitTest>
    <UnitTest name="Pedido.Tests.Domain.PedidoTests.Create_WithNoItems_ShouldThrowException" storage="d:\projetos\techchallenge - fase 4\microservico-pedido\pedido\test\pedido.tests\bin\debug\net9.0\pedido.tests.dll" id="106e8726-691b-53c2-c695-85675d19daae">
      <Execution id="c617266b-e8a1-4588-9700-9ed437159b80" />
      <TestMethod codeBase="D:\Projetos\techChallenge - Fase 4\MicroServico-Pedido\pedido\test\Pedido.Tests\bin\Debug\net9.0\Pedido.Tests.dll" adapterTypeName="executor://xunit/VsTestRunner2/netcoreapp" className="Pedido.Tests.Domain.PedidoTests" name="Create_WithNoItems_ShouldThrowException" />
    </UnitTest>
    <UnitTest name="Pedido.Tests.Domain.Customers.Exceptions.ClienteDomainExceptionTests.Constructor_WithMessage_ShouldSetMessageProperty" storage="d:\projetos\techchallenge - fase 4\microservico-pedido\pedido\test\pedido.tests\bin\debug\net9.0\pedido.tests.dll" id="da703b66-50d6-367a-f4c9-deaaa2e9e80b">
      <Execution id="1d05ebd7-77eb-4b89-8c3e-820ddb1c3ea7" />
      <TestMethod codeBase="D:\Projetos\techChallenge - Fase 4\MicroServico-Pedido\pedido\test\Pedido.Tests\bin\Debug\net9.0\Pedido.Tests.dll" adapterTypeName="executor://xunit/VsTestRunner2/netcoreapp" className="Pedido.Tests.Domain.Customers.Exceptions.ClienteDomainExceptionTests" name="Constructor_WithMessage_ShouldSetMessageProperty" />
    </UnitTest>
    <UnitTest name="Pedido.Tests.Domain.Customers.ValueObjects.NameTests.ImplicitConversion_ShouldReturnStringValue" storage="d:\projetos\techchallenge - fase 4\microservico-pedido\pedido\test\pedido.tests\bin\debug\net9.0\pedido.tests.dll" id="3bf28ae0-ee16-367c-6753-02fce166cd35">
      <Execution id="bb688579-7865-459f-af5a-29e5d61a0479" />
      <TestMethod codeBase="D:\Projetos\techChallenge - Fase 4\MicroServico-Pedido\pedido\test\Pedido.Tests\bin\Debug\net9.0\Pedido.Tests.dll" adapterTypeName="executor://xunit/VsTestRunner2/netcoreapp" className="Pedido.Tests.Domain.Customers.ValueObjects.NameTests" name="ImplicitConversion_ShouldReturnStringValue" />
    </UnitTest>
    <UnitTest name="Pedido.Tests.Domain.PedidoTests.RemoveItem_WhenExistsAndPending_ShouldRemoveAndUpdateTotal" storage="d:\projetos\techchallenge - fase 4\microservico-pedido\pedido\test\pedido.tests\bin\debug\net9.0\pedido.tests.dll" id="9826b18f-846e-0c86-a4e4-6d2f1d9f20af">
      <Execution id="6e3bba72-6651-4858-a720-cf85811a8b4b" />
      <TestMethod codeBase="D:\Projetos\techChallenge - Fase 4\MicroServico-Pedido\pedido\test\Pedido.Tests\bin\Debug\net9.0\Pedido.Tests.dll" adapterTypeName="executor://xunit/VsTestRunner2/netcoreapp" className="Pedido.Tests.Domain.PedidoTests" name="RemoveItem_WhenExistsAndPending_ShouldRemoveAndUpdateTotal" />
    </UnitTest>
    <UnitTest name="Pedido.Tests.Domain.Customers.Exceptions.ClienteDomainExceptionTests.Constructor_WithEmptyMessage_ShouldStillCreateException" storage="d:\projetos\techchallenge - fase 4\microservico-pedido\pedido\test\pedido.tests\bin\debug\net9.0\pedido.tests.dll" id="5cf5db5e-e36e-641f-b5f4-6c5d3259471f">
      <Execution id="e3a34414-e2cd-47ab-8391-072b139fe7ac" />
      <TestMethod codeBase="D:\Projetos\techChallenge - Fase 4\MicroServico-Pedido\pedido\test\Pedido.Tests\bin\Debug\net9.0\Pedido.Tests.dll" adapterTypeName="executor://xunit/VsTestRunner2/netcoreapp" className="Pedido.Tests.Domain.Customers.Exceptions.ClienteDomainExceptionTests" name="Constructor_WithEmptyMessage_ShouldStillCreateException" />
    </UnitTest>
    <UnitTest name="Pedido.Tests.Domain.PedidoItemTests.Create_WithEmptyProductName_ShouldThrowException" storage="d:\projetos\techchallenge - fase 4\microservico-pedido\pedido\test\pedido.tests\bin\debug\net9.0\pedido.tests.dll" id="ce86aacb-725d-4f8f-61c6-17d4e6632346">
      <Execution id="8d2dedb7-707e-4852-a55d-401900d207e1" />
      <TestMethod codeBase="D:\Projetos\techChallenge - Fase 4\MicroServico-Pedido\pedido\test\Pedido.Tests\bin\Debug\net9.0\Pedido.Tests.dll" adapterTypeName="executor://xunit/VsTestRunner2/netcoreapp" className="Pedido.Tests.Domain.PedidoItemTests" name="Create_WithEmptyProductName_ShouldThrowException" />
    </UnitTest>
    <UnitTest name="Pedido.Tests.Domain.PedidoTests.SetQrCode_And_SetPreferenceId_ShouldAssignValues" storage="d:\projetos\techchallenge - fase 4\microservico-pedido\pedido\test\pedido.tests\bin\debug\net9.0\pedido.tests.dll" id="c642a4b1-1859-7429-7958-fba1e7ae51a2">
      <Execution id="4c0a28e8-fc26-4be4-b661-4073a3bd9635" />
      <TestMethod codeBase="D:\Projetos\techChallenge - Fase 4\MicroServico-Pedido\pedido\test\Pedido.Tests\bin\Debug\net9.0\Pedido.Tests.dll" adapterTypeName="executor://xunit/VsTestRunner2/netcoreapp" className="Pedido.Tests.Domain.PedidoTests" name="SetQrCode_And_SetPreferenceId_ShouldAssignValues" />
    </UnitTest>
    <UnitTest name="Pedido.Tests.Domain.Customers.ValueObjects.NameTests.Create_WithLowerCaseName_ShouldCapitalizeFirstLetters" storage="d:\projetos\techchallenge - fase 4\microservico-pedido\pedido\test\pedido.tests\bin\debug\net9.0\pedido.tests.dll" id="f298f152-f5ee-35c1-51a7-f491deb003d4">
      <Execution id="2a444dad-f8c2-453a-9960-c2344c3e9593" />
      <TestMethod codeBase="D:\Projetos\techChallenge - Fase 4\MicroServico-Pedido\pedido\test\Pedido.Tests\bin\Debug\net9.0\Pedido.Tests.dll" adapterTypeName="executor://xunit/VsTestRunner2/netcoreapp" className="Pedido.Tests.Domain.Customers.ValueObjects.NameTests" name="Create_WithLowerCaseName_ShouldCapitalizeFirstLetters" />
    </UnitTest>
    <UnitTest name="Pedido.Tests.Domain.Customers.ValueObjects.NameTests.Create_WithEmptyOrNullOrWhitespace_ShouldThrowException(invalidName: &quot;&quot;)" storage="d:\projetos\techchallenge - fase 4\microservico-pedido\pedido\test\pedido.tests\bin\debug\net9.0\pedido.tests.dll" id="f587871a-4eb0-fdcb-f0e3-c65240c9ed52">
      <Execution id="097c171c-b2e8-490f-b5e8-a8e7e9f21909" />
      <TestMethod codeBase="D:\Projetos\techChallenge - Fase 4\MicroServico-Pedido\pedido\test\Pedido.Tests\bin\Debug\net9.0\Pedido.Tests.dll" adapterTypeName="executor://xunit/VsTestRunner2/netcoreapp" className="Pedido.Tests.Domain.Customers.ValueObjects.NameTests" name="Create_WithEmptyOrNullOrWhitespace_ShouldThrowException" />
    </UnitTest>
    <UnitTest name="Pedido.Tests.Domain.Customers.ValueObjects.NameTests.Create_WithNameTooLong_ShouldThrowException" storage="d:\projetos\techchallenge - fase 4\microservico-pedido\pedido\test\pedido.tests\bin\debug\net9.0\pedido.tests.dll" id="d3ae0e70-bf9c-86b7-f532-bf58a3819eda">
      <Execution id="b207b589-921d-4e85-9220-d17f2f8a6d95" />
      <TestMethod codeBase="D:\Projetos\techChallenge - Fase 4\MicroServico-Pedido\pedido\test\Pedido.Tests\bin\Debug\net9.0\Pedido.Tests.dll" adapterTypeName="executor://xunit/VsTestRunner2/netcoreapp" className="Pedido.Tests.Domain.Customers.ValueObjects.NameTests" name="Create_WithNameTooLong_ShouldThrowException" />
    </UnitTest>
    <UnitTest name="Pedido.Tests.Domain.Customers.ValueObjects.NameTests.Create_WithEmptyOrNullOrWhitespace_ShouldThrowException(invalidName: null)" storage="d:\projetos\techchallenge - fase 4\microservico-pedido\pedido\test\pedido.tests\bin\debug\net9.0\pedido.tests.dll" id="ff579c98-913a-009d-ccb6-5115e6c885e6">
      <Execution id="a52e99f2-159f-47e6-bf4a-ec88aa5dca5b" />
      <TestMethod codeBase="D:\Projetos\techChallenge - Fase 4\MicroServico-Pedido\pedido\test\Pedido.Tests\bin\Debug\net9.0\Pedido.Tests.dll" adapterTypeName="executor://xunit/VsTestRunner2/netcoreapp" className="Pedido.Tests.Domain.Customers.ValueObjects.NameTests" name="Create_WithEmptyOrNullOrWhitespace_ShouldThrowException" />
    </UnitTest>
    <UnitTest name="Pedido.Tests.Domain.Customers.ValueObjects.NameTests.ToString_ShouldReturnTheNameValue" storage="d:\projetos\techchallenge - fase 4\microservico-pedido\pedido\test\pedido.tests\bin\debug\net9.0\pedido.tests.dll" id="5e85402d-74c3-dbef-8dce-58b9100cc666">
      <Execution id="4a3e4457-d10c-4006-b403-ad5a9d98f256" />
      <TestMethod codeBase="D:\Projetos\techChallenge - Fase 4\MicroServico-Pedido\pedido\test\Pedido.Tests\bin\Debug\net9.0\Pedido.Tests.dll" adapterTypeName="executor://xunit/VsTestRunner2/netcoreapp" className="Pedido.Tests.Domain.Customers.ValueObjects.NameTests" name="ToString_ShouldReturnTheNameValue" />
    </UnitTest>
    <UnitTest name="Pedido.Tests.Domain.PedidoTests.Create_WithInvalidClienteId_ShouldThrowException" storage="d:\projetos\techchallenge - fase 4\microservico-pedido\pedido\test\pedido.tests\bin\debug\net9.0\pedido.tests.dll" id="d45cff0e-5a4b-c42b-0890-357265e4e7bb">
      <Execution id="8d02ea01-a6bd-46d2-a4e2-b6aca8dc8779" />
      <TestMethod codeBase="D:\Projetos\techChallenge - Fase 4\MicroServico-Pedido\pedido\test\Pedido.Tests\bin\Debug\net9.0\Pedido.Tests.dll" adapterTypeName="executor://xunit/VsTestRunner2/netcoreapp" className="Pedido.Tests.Domain.PedidoTests" name="Create_WithInvalidClienteId_ShouldThrowException" />
    </UnitTest>
    <UnitTest name="Pedido.Tests.Domain.PedidoTests.AddItem_WhenPending_ShouldAddItemAndUpdateTotal" storage="d:\projetos\techchallenge - fase 4\microservico-pedido\pedido\test\pedido.tests\bin\debug\net9.0\pedido.tests.dll" id="8d1d5137-e079-7f8a-9041-001b74f1ffe5">
      <Execution id="1cce7a39-94fc-42e0-9b06-dd80f2e72f35" />
      <TestMethod codeBase="D:\Projetos\techChallenge - Fase 4\MicroServico-Pedido\pedido\test\Pedido.Tests\bin\Debug\net9.0\Pedido.Tests.dll" adapterTypeName="executor://xunit/VsTestRunner2/netcoreapp" className="Pedido.Tests.Domain.PedidoTests" name="AddItem_WhenPending_ShouldAddItemAndUpdateTotal" />
    </UnitTest>
    <UnitTest name="Pedido.Tests.Domain.Customers.ValueObjects.NameTests.Create_WithEmptyOrNullOrWhitespace_ShouldThrowException(invalidName: &quot;   &quot;)" storage="d:\projetos\techchallenge - fase 4\microservico-pedido\pedido\test\pedido.tests\bin\debug\net9.0\pedido.tests.dll" id="ced99850-72ad-f2ac-08a1-ca01cf995529">
      <Execution id="1f006102-6658-47e4-be71-0c25cf3db6c1" />
      <TestMethod codeBase="D:\Projetos\techChallenge - Fase 4\MicroServico-Pedido\pedido\test\Pedido.Tests\bin\Debug\net9.0\Pedido.Tests.dll" adapterTypeName="executor://xunit/VsTestRunner2/netcoreapp" className="Pedido.Tests.Domain.Customers.ValueObjects.NameTests" name="Create_WithEmptyOrNullOrWhitespace_ShouldThrowException" />
    </UnitTest>
    <UnitTest name="Pedido.Tests.Domain.PedidoItemTests.WithQuantity_WithZeroQuantity_ShouldThrowException" storage="d:\projetos\techchallenge - fase 4\microservico-pedido\pedido\test\pedido.tests\bin\debug\net9.0\pedido.tests.dll" id="da195637-92f6-ce8b-ee2c-72aa44c1f62b">
      <Execution id="8df0a685-20e5-4375-aa59-60e87d63af94" />
      <TestMethod codeBase="D:\Projetos\techChallenge - Fase 4\MicroServico-Pedido\pedido\test\Pedido.Tests\bin\Debug\net9.0\Pedido.Tests.dll" adapterTypeName="executor://xunit/VsTestRunner2/netcoreapp" className="Pedido.Tests.Domain.PedidoItemTests" name="WithQuantity_WithZeroQuantity_ShouldThrowException" />
    </UnitTest>
    <UnitTest name="Pedido.Tests.Domain.Customers.ValueObjects.NameTests.Create_WithInvalidCharacters_ShouldThrowException(invalidName: &quot;João123&quot;)" storage="d:\projetos\techchallenge - fase 4\microservico-pedido\pedido\test\pedido.tests\bin\debug\net9.0\pedido.tests.dll" id="192ee191-206e-71e2-3d7a-6cb19e3c1a4b">
      <Execution id="d4ff6288-26f5-444e-9af3-fd7a22538c18" />
      <TestMethod codeBase="D:\Projetos\techChallenge - Fase 4\MicroServico-Pedido\pedido\test\Pedido.Tests\bin\Debug\net9.0\Pedido.Tests.dll" adapterTypeName="executor://xunit/VsTestRunner2/netcoreapp" className="Pedido.Tests.Domain.Customers.ValueObjects.NameTests" name="Create_WithInvalidCharacters_ShouldThrowException" />
    </UnitTest>
    <UnitTest name="ClienteTests.CriarCliente_Valido_DeveFuncionar" storage="d:\projetos\techchallenge - fase 4\microservico-pedido\pedido\test\pedido.tests\bin\debug\net9.0\pedido.tests.dll" id="71f9d07e-e6b5-0cda-bd9d-3fc588a6b440">
      <Execution id="a6febfdc-ce2b-4f96-8ad6-2402a36d027d" />
      <TestMethod codeBase="D:\Projetos\techChallenge - Fase 4\MicroServico-Pedido\pedido\test\Pedido.Tests\bin\Debug\net9.0\Pedido.Tests.dll" adapterTypeName="executor://xunit/VsTestRunner2/netcoreapp" className="ClienteTests" name="CriarCliente_Valido_DeveFuncionar" />
    </UnitTest>
    <UnitTest name="Pedido.Tests.Domain.PedidoTests.AddItem_WithNullItem_ShouldThrowException" storage="d:\projetos\techchallenge - fase 4\microservico-pedido\pedido\test\pedido.tests\bin\debug\net9.0\pedido.tests.dll" id="776d41e9-e668-72ba-dbd4-0bd55b3b3733">
      <Execution id="e1ad1742-dfa8-4b4d-be6e-65305747370d" />
      <TestMethod codeBase="D:\Projetos\techChallenge - Fase 4\MicroServico-Pedido\pedido\test\Pedido.Tests\bin\Debug\net9.0\Pedido.Tests.dll" adapterTypeName="executor://xunit/VsTestRunner2/netcoreapp" className="Pedido.Tests.Domain.PedidoTests" name="AddItem_WithNullItem_ShouldThrowException" />
    </UnitTest>
    <UnitTest name="Pedido.Tests.Domain.Customers.ValueObjects.NameTests.Create_WithNameTooShort_ShouldThrowException" storage="d:\projetos\techchallenge - fase 4\microservico-pedido\pedido\test\pedido.tests\bin\debug\net9.0\pedido.tests.dll" id="a451eefb-57f1-434c-4317-39572b912806">
      <Execution id="56fdfe84-b3f9-48ed-82bc-df87a38d8be0" />
      <TestMethod codeBase="D:\Projetos\techChallenge - Fase 4\MicroServico-Pedido\pedido\test\Pedido.Tests\bin\Debug\net9.0\Pedido.Tests.dll" adapterTypeName="executor://xunit/VsTestRunner2/netcoreapp" className="Pedido.Tests.Domain.Customers.ValueObjects.NameTests" name="Create_WithNameTooShort_ShouldThrowException" />
    </UnitTest>
    <UnitTest name="Pedido.Tests.Domain.PedidoItemTests.Create_WithValidData_ShouldCreateOrderItem" storage="d:\projetos\techchallenge - fase 4\microservico-pedido\pedido\test\pedido.tests\bin\debug\net9.0\pedido.tests.dll" id="097b924b-d760-4d2a-968c-744fb13ba8cd">
      <Execution id="34c0c801-1892-495c-af96-7a3a1dfe6c7c" />
      <TestMethod codeBase="D:\Projetos\techChallenge - Fase 4\MicroServico-Pedido\pedido\test\Pedido.Tests\bin\Debug\net9.0\Pedido.Tests.dll" adapterTypeName="executor://xunit/VsTestRunner2/netcoreapp" className="Pedido.Tests.Domain.PedidoItemTests" name="Create_WithValidData_ShouldCreateOrderItem" />
    </UnitTest>
    <UnitTest name="Pedido.Tests.Domain.PedidoTests.AddItem_WhenNotPending_ShouldThrowException" storage="d:\projetos\techchallenge - fase 4\microservico-pedido\pedido\test\pedido.tests\bin\debug\net9.0\pedido.tests.dll" id="87ef9a0f-2db6-a2cc-d2b7-f23504cedf11">
      <Execution id="7f46e7b2-da32-4baf-b413-3b07ac5a065a" />
      <TestMethod codeBase="D:\Projetos\techChallenge - Fase 4\MicroServico-Pedido\pedido\test\Pedido.Tests\bin\Debug\net9.0\Pedido.Tests.dll" adapterTypeName="executor://xunit/VsTestRunner2/netcoreapp" className="Pedido.Tests.Domain.PedidoTests" name="AddItem_WhenNotPending_ShouldThrowException" />
    </UnitTest>
    <UnitTest name="Pedido.Tests.Domain.Customers.ValueObjects.NameTests.Create_WithInvalidCharacters_ShouldThrowException(invalidName: &quot;Maria@Silva&quot;)" storage="d:\projetos\techchallenge - fase 4\microservico-pedido\pedido\test\pedido.tests\bin\debug\net9.0\pedido.tests.dll" id="740cd82d-1fe6-f30c-9771-e187f0d96ece">
      <Execution id="3291dc24-a44b-4aab-b596-07bbade5981c" />
      <TestMethod codeBase="D:\Projetos\techChallenge - Fase 4\MicroServico-Pedido\pedido\test\Pedido.Tests\bin\Debug\net9.0\Pedido.Tests.dll" adapterTypeName="executor://xunit/VsTestRunner2/netcoreapp" className="Pedido.Tests.Domain.Customers.ValueObjects.NameTests" name="Create_WithInvalidCharacters_ShouldThrowException" />
    </UnitTest>
    <UnitTest name="Pedido.Tests.Domain.PedidoTests.Create_WithoutClient_ShouldAllowOrderWithNullClienteId" storage="d:\projetos\techchallenge - fase 4\microservico-pedido\pedido\test\pedido.tests\bin\debug\net9.0\pedido.tests.dll" id="35a615d6-5b09-7d8b-7f69-4f7c5b9d01dd">
      <Execution id="1417b0bc-77ba-4216-a6c7-9ae0ea4bef16" />
      <TestMethod codeBase="D:\Projetos\techChallenge - Fase 4\MicroServico-Pedido\pedido\test\Pedido.Tests\bin\Debug\net9.0\Pedido.Tests.dll" adapterTypeName="executor://xunit/VsTestRunner2/netcoreapp" className="Pedido.Tests.Domain.PedidoTests" name="Create_WithoutClient_ShouldAllowOrderWithNullClienteId" />
    </UnitTest>
    <UnitTest name="Pedido.Tests.Domain.Customers.ValueObjects.NameTests.Create_WithInvalidCharacters_ShouldThrowException(invalidName: &quot;Ana#Maria&quot;)" storage="d:\projetos\techchallenge - fase 4\microservico-pedido\pedido\test\pedido.tests\bin\debug\net9.0\pedido.tests.dll" id="342d2c03-150c-dbc2-2aaa-649c707124c2">
      <Execution id="28c44b9f-7522-497b-94b0-a882007a883f" />
      <TestMethod codeBase="D:\Projetos\techChallenge - Fase 4\MicroServico-Pedido\pedido\test\Pedido.Tests\bin\Debug\net9.0\Pedido.Tests.dll" adapterTypeName="executor://xunit/VsTestRunner2/netcoreapp" className="Pedido.Tests.Domain.Customers.ValueObjects.NameTests" name="Create_WithInvalidCharacters_ShouldThrowException" />
    </UnitTest>
    <UnitTest name="Pedido.Tests.Domain.Customers.ValueObjects.NameTests.Create_WithValidName_ShouldReturnNameObject" storage="d:\projetos\techchallenge - fase 4\microservico-pedido\pedido\test\pedido.tests\bin\debug\net9.0\pedido.tests.dll" id="63135861-0308-4a54-b8cb-7f2a7dfa11e4">
      <Execution id="322d55a7-bea8-45c4-afba-80d941076033" />
      <TestMethod codeBase="D:\Projetos\techChallenge - Fase 4\MicroServico-Pedido\pedido\test\Pedido.Tests\bin\Debug\net9.0\Pedido.Tests.dll" adapterTypeName="executor://xunit/VsTestRunner2/netcoreapp" className="Pedido.Tests.Domain.Customers.ValueObjects.NameTests" name="Create_WithValidName_ShouldReturnNameObject" />
    </UnitTest>
    <UnitTest name="Pedido.Tests.Domain.PedidoTests.UpdateStatus_ShouldAllowValidTransitions_AndThrowOnInvalid" storage="d:\projetos\techchallenge - fase 4\microservico-pedido\pedido\test\pedido.tests\bin\debug\net9.0\pedido.tests.dll" id="71446488-2da7-694f-eae3-6af7aadae016">
      <Execution id="b1cea9d1-7b90-47ef-aa3c-99bf1c64c727" />
      <TestMethod codeBase="D:\Projetos\techChallenge - Fase 4\MicroServico-Pedido\pedido\test\Pedido.Tests\bin\Debug\net9.0\Pedido.Tests.dll" adapterTypeName="executor://xunit/VsTestRunner2/netcoreapp" className="Pedido.Tests.Domain.PedidoTests" name="UpdateStatus_ShouldAllowValidTransitions_AndThrowOnInvalid" />
    </UnitTest>
    <UnitTest name="Pedido.Tests.Domain.PedidoItemTests.Create_WithEmptyProductId_ShouldThrowException" storage="d:\projetos\techchallenge - fase 4\microservico-pedido\pedido\test\pedido.tests\bin\debug\net9.0\pedido.tests.dll" id="7b9adf1c-77a7-d874-507a-3dfffa3e708c">
      <Execution id="67e5126e-083c-43df-816b-f3f8b8e04471" />
      <TestMethod codeBase="D:\Projetos\techChallenge - Fase 4\MicroServico-Pedido\pedido\test\Pedido.Tests\bin\Debug\net9.0\Pedido.Tests.dll" adapterTypeName="executor://xunit/VsTestRunner2/netcoreapp" className="Pedido.Tests.Domain.PedidoItemTests" name="Create_WithEmptyProductId_ShouldThrowException" />
    </UnitTest>
    <UnitTest name="Pedido.Tests.Domain.Customers.Exceptions.ClienteDomainExceptionTests.Constructor_WithMessageAndInnerException_ShouldSetBothProperties" storage="d:\projetos\techchallenge - fase 4\microservico-pedido\pedido\test\pedido.tests\bin\debug\net9.0\pedido.tests.dll" id="c3c18ec4-ad28-8f1d-32b8-71ddd885573d">
      <Execution id="bd2c1459-4784-4a49-a75e-8504bc388ca4" />
      <TestMethod codeBase="D:\Projetos\techChallenge - Fase 4\MicroServico-Pedido\pedido\test\Pedido.Tests\bin\Debug\net9.0\Pedido.Tests.dll" adapterTypeName="executor://xunit/VsTestRunner2/netcoreapp" className="Pedido.Tests.Domain.Customers.Exceptions.ClienteDomainExceptionTests" name="Constructor_WithMessageAndInnerException_ShouldSetBothProperties" />
    </UnitTest>
  </TestDefinitions>
  <TestEntries>
    <TestEntry testId="776d41e9-e668-72ba-dbd4-0bd55b3b3733" executionId="e1ad1742-dfa8-4b4d-be6e-65305747370d" testListId="8c84fa94-04c1-424b-9868-57a2d4851a1d" />
    <TestEntry testId="5cf5db5e-e36e-641f-b5f4-6c5d3259471f" executionId="e3a34414-e2cd-47ab-8391-072b139fe7ac" testListId="8c84fa94-04c1-424b-9868-57a2d4851a1d" />
    <TestEntry testId="9826b18f-846e-0c86-a4e4-6d2f1d9f20af" executionId="6e3bba72-6651-4858-a720-cf85811a8b4b" testListId="8c84fa94-04c1-424b-9868-57a2d4851a1d" />
    <TestEntry testId="d45cff0e-5a4b-c42b-0890-357265e4e7bb" executionId="8d02ea01-a6bd-46d2-a4e2-b6aca8dc8779" testListId="8c84fa94-04c1-424b-9868-57a2d4851a1d" />
    <TestEntry testId="106e8726-691b-53c2-c695-85675d19daae" executionId="c617266b-e8a1-4588-9700-9ed437159b80" testListId="8c84fa94-04c1-424b-9868-57a2d4851a1d" />
    <TestEntry testId="63135861-0308-4a54-b8cb-7f2a7dfa11e4" executionId="322d55a7-bea8-45c4-afba-80d941076033" testListId="8c84fa94-04c1-424b-9868-57a2d4851a1d" />
    <TestEntry testId="84dcf0cd-47e2-601b-41c8-a0774f20ce09" executionId="29130b03-8380-41e1-b6ac-1ebe03af09af" testListId="8c84fa94-04c1-424b-9868-57a2d4851a1d" />
    <TestEntry testId="8db81150-415a-bfa6-821e-e256b9613a60" executionId="5e8a3b1b-ba99-4562-aa89-16006c559dfc" testListId="8c84fa94-04c1-424b-9868-57a2d4851a1d" />
    <TestEntry testId="da703b66-50d6-367a-f4c9-deaaa2e9e80b" executionId="1d05ebd7-77eb-4b89-8c3e-820ddb1c3ea7" testListId="8c84fa94-04c1-424b-9868-57a2d4851a1d" />
    <TestEntry testId="87ef9a0f-2db6-a2cc-d2b7-f23504cedf11" executionId="7f46e7b2-da32-4baf-b413-3b07ac5a065a" testListId="8c84fa94-04c1-424b-9868-57a2d4851a1d" />
    <TestEntry testId="d3ae0e70-bf9c-86b7-f532-bf58a3819eda" executionId="b207b589-921d-4e85-9220-d17f2f8a6d95" testListId="8c84fa94-04c1-424b-9868-57a2d4851a1d" />
    <TestEntry testId="71f9d07e-e6b5-0cda-bd9d-3fc588a6b440" executionId="a6febfdc-ce2b-4f96-8ad6-2402a36d027d" testListId="8c84fa94-04c1-424b-9868-57a2d4851a1d" />
    <TestEntry testId="71446488-2da7-694f-eae3-6af7aadae016" executionId="b1cea9d1-7b90-47ef-aa3c-99bf1c64c727" testListId="8c84fa94-04c1-424b-9868-57a2d4851a1d" />
    <TestEntry testId="740cd82d-1fe6-f30c-9771-e187f0d96ece" executionId="3291dc24-a44b-4aab-b596-07bbade5981c" testListId="8c84fa94-04c1-424b-9868-57a2d4851a1d" />
    <TestEntry testId="a1f3920d-e932-fa67-b501-9c33e998c8f4" executionId="294a3a7a-c6dd-4dd5-b76c-b65269ef13f2" testListId="8c84fa94-04c1-424b-9868-57a2d4851a1d" />
    <TestEntry testId="a66b417d-54f3-0bdd-f904-a9e3deee984d" executionId="4e603baa-0e60-47d2-a1ba-44d4064efd41" testListId="8c84fa94-04c1-424b-9868-57a2d4851a1d" />
    <TestEntry testId="342d2c03-150c-dbc2-2aaa-649c707124c2" executionId="28c44b9f-7522-497b-94b0-a882007a883f" testListId="8c84fa94-04c1-424b-9868-57a2d4851a1d" />
    <TestEntry testId="9552af16-0109-4bb3-70a9-7e276e1c9d3d" executionId="4a6dc994-a0f5-4569-9f60-4068e9a70881" testListId="8c84fa94-04c1-424b-9868-57a2d4851a1d" />
    <TestEntry testId="c3c18ec4-ad28-8f1d-32b8-71ddd885573d" executionId="bd2c1459-4784-4a49-a75e-8504bc388ca4" testListId="8c84fa94-04c1-424b-9868-57a2d4851a1d" />
    <TestEntry testId="da195637-92f6-ce8b-ee2c-72aa44c1f62b" executionId="8df0a685-20e5-4375-aa59-60e87d63af94" testListId="8c84fa94-04c1-424b-9868-57a2d4851a1d" />
    <TestEntry testId="b966839a-c3fb-7fc0-aab7-083554a4e36a" executionId="c65e7736-5c3c-4d83-8888-a977375ba8e9" testListId="8c84fa94-04c1-424b-9868-57a2d4851a1d" />
    <TestEntry testId="35a615d6-5b09-7d8b-7f69-4f7c5b9d01dd" executionId="1417b0bc-77ba-4216-a6c7-9ae0ea4bef16" testListId="8c84fa94-04c1-424b-9868-57a2d4851a1d" />
    <TestEntry testId="ced99850-72ad-f2ac-08a1-ca01cf995529" executionId="1f006102-6658-47e4-be71-0c25cf3db6c1" testListId="8c84fa94-04c1-424b-9868-57a2d4851a1d" />
    <TestEntry testId="c642a4b1-1859-7429-7958-fba1e7ae51a2" executionId="4c0a28e8-fc26-4be4-b661-4073a3bd9635" testListId="8c84fa94-04c1-424b-9868-57a2d4851a1d" />
    <TestEntry testId="3bf28ae0-ee16-367c-6753-02fce166cd35" executionId="bb688579-7865-459f-af5a-29e5d61a0479" testListId="8c84fa94-04c1-424b-9868-57a2d4851a1d" />
    <TestEntry testId="fc76700d-a4c2-8054-cf92-5ca2ced0bc31" executionId="29494c30-8c9d-455f-a1a6-637973ca9506" testListId="8c84fa94-04c1-424b-9868-57a2d4851a1d" />
    <TestEntry testId="877d398c-8a33-7399-7d53-2a91cb86543a" executionId="31d5a51b-ae4c-437e-b77d-4ada81693726" testListId="8c84fa94-04c1-424b-9868-57a2d4851a1d" />
    <TestEntry testId="a451eefb-57f1-434c-4317-39572b912806" executionId="56fdfe84-b3f9-48ed-82bc-df87a38d8be0" testListId="8c84fa94-04c1-424b-9868-57a2d4851a1d" />
    <TestEntry testId="d7efb34f-506f-1c13-a926-80d9f29c5eae" executionId="2074b9b8-b199-45eb-9207-4a5b9463faaa" testListId="8c84fa94-04c1-424b-9868-57a2d4851a1d" />
    <TestEntry testId="8d1d5137-e079-7f8a-9041-001b74f1ffe5" executionId="1cce7a39-94fc-42e0-9b06-dd80f2e72f35" testListId="8c84fa94-04c1-424b-9868-57a2d4851a1d" />
    <TestEntry testId="7b9adf1c-77a7-d874-507a-3dfffa3e708c" executionId="67e5126e-083c-43df-816b-f3f8b8e04471" testListId="8c84fa94-04c1-424b-9868-57a2d4851a1d" />
    <TestEntry testId="f298f152-f5ee-35c1-51a7-f491deb003d4" executionId="2a444dad-f8c2-453a-9960-c2344c3e9593" testListId="8c84fa94-04c1-424b-9868-57a2d4851a1d" />
    <TestEntry testId="41b64ffb-b405-d440-dcf8-6c978b2d1f88" executionId="95a01592-1f8c-4643-bb53-74997a4a16ae" testListId="8c84fa94-04c1-424b-9868-57a2d4851a1d" />
    <TestEntry testId="e41551d0-d2c1-f568-5dd1-9a34f12024ec" executionId="49064b8d-e8c3-4dfc-a1b8-914b1599cf14" testListId="8c84fa94-04c1-424b-9868-57a2d4851a1d" />
    <TestEntry testId="5e85402d-74c3-dbef-8dce-58b9100cc666" executionId="4a3e4457-d10c-4006-b403-ad5a9d98f256" testListId="8c84fa94-04c1-424b-9868-57a2d4851a1d" />
    <TestEntry testId="f587871a-4eb0-fdcb-f0e3-c65240c9ed52" executionId="097c171c-b2e8-490f-b5e8-a8e7e9f21909" testListId="8c84fa94-04c1-424b-9868-57a2d4851a1d" />
    <TestEntry testId="ce86aacb-725d-4f8f-61c6-17d4e6632346" executionId="8d2dedb7-707e-4852-a55d-401900d207e1" testListId="8c84fa94-04c1-424b-9868-57a2d4851a1d" />
    <TestEntry testId="097b924b-d760-4d2a-968c-744fb13ba8cd" executionId="34c0c801-1892-495c-af96-7a3a1dfe6c7c" testListId="8c84fa94-04c1-424b-9868-57a2d4851a1d" />
    <TestEntry testId="0d1b0a21-ed04-bd08-6929-641463c7f14d" executionId="b146fe62-d20c-4d4c-81a3-7a0d52efe44d" testListId="8c84fa94-04c1-424b-9868-57a2d4851a1d" />
    <TestEntry testId="d3e134c8-8bcc-0fd7-3fcd-e10266568efe" executionId="208af73b-d5ee-4baa-ab36-66a8e32fb33e" testListId="8c84fa94-04c1-424b-9868-57a2d4851a1d" />
    <TestEntry testId="192ee191-206e-71e2-3d7a-6cb19e3c1a4b" executionId="d4ff6288-26f5-444e-9af3-fd7a22538c18" testListId="8c84fa94-04c1-424b-9868-57a2d4851a1d" />
    <TestEntry testId="603f2caa-8379-53a4-bfae-51d92b8d2714" executionId="5e516e9a-5cc5-4fea-8615-f90989d59f89" testListId="8c84fa94-04c1-424b-9868-57a2d4851a1d" />
    <TestEntry testId="ff579c98-913a-009d-ccb6-5115e6c885e6" executionId="a52e99f2-159f-47e6-bf4a-ec88aa5dca5b" testListId="8c84fa94-04c1-424b-9868-57a2d4851a1d" />
  </TestEntries>
  <TestLists>
    <TestList name="Resultados que não estão em uma lista" id="8c84fa94-04c1-424b-9868-57a2d4851a1d" />
    <TestList name="Todos os resultados carregados" id="19431567-8539-422a-85d7-44ee4e166bda" />
  </TestLists>
  <ResultSummary outcome="Completed">
    <Counters total="43" executed="43" passed="43" failed="0" error="0" timeout="0" aborted="0" inconclusive="0" passedButRunAborted="0" notRunnable="0" notExecuted="0" disconnected="0" warning="0" completed="0" inProgress="0" pending="0" />
    <Output>
      <StdOut>[xUnit.net 00:00:00.00] xUnit.net VSTest Adapter v2.8.2+699d445a1a (64-bit .NET 9.0.11)&#xD;
[xUnit.net 00:00:00.04]   Discovering: Pedido.Tests&#xD;
[xUnit.net 00:00:00.07]   Discovered:  Pedido.Tests&#xD;
[xUnit.net 00:00:00.07]   Starting:    Pedido.Tests&#xD;
     Warning:&#xD;
     The component "Fluent Assertions" is governed by the rules defined in the Xceed License Agreement and&#xD;
     the Xceed Fluent Assertions Community License. You may use Fluent Assertions free of charge for&#xD;
     non-commercial use only. An active subscription is required to use Fluent Assertions for commercial use.&#xD;
     Please contact Xceed Sales mailto:sales@xceed.com to acquire a subscription at a very low cost.&#xD;
     A paid commercial license supports the development and continued increasing support of&#xD;
     Fluent Assertions users under both commercial and community licenses. Help us&#xD;
     keep Fluent Assertions at the forefront of unit testing.&#xD;
     For more information, visit https://xceed.com/products/unit-testing/fluent-assertions/&#xD;
[xUnit.net 00:00:00.13]   Finished:    Pedido.Tests&#xD;
</StdOut>
    </Output>
    <CollectorDataEntries>
      <Collector agentName="AMND" uri="datacollector://microsoft/CoverletCodeCoverage/1.0" collectorDisplayName="XPlat code coverage">
        <UriAttachments>
          <UriAttachment>
            <A href="AMND\coverage.cobertura.xml"></A>
          </UriAttachment>
        </UriAttachments>
      </Collector>
    </CollectorDataEntries>
  </ResultSummary>
</TestRun>